DEPRECATED: The legacy builder is deprecated and will be removed in a future release.
            Install the buildx component to build images with BuildKit:
            https://docs.docker.com/go/buildx/

Sending build context to Docker daemon  172.5kB
Step 1/8 : FROM python:3.12-slim
 ---> f77ac9e44ae9
Step 2/8 : ENV PYTHONUNBUFFERED=1 PYTHONDONTWRITEBYTECODE=1 PORT=8080
 ---> Running in 013fbe4eb593
 ---> Removed intermediate container 013fbe4eb593
 ---> 7d6d47e9325e
Step 3/8 : WORKDIR /srv
 ---> Running in 0bc3d3369bbe
 ---> Removed intermediate container 0bc3d3369bbe
 ---> e8cf93868d65
Step 4/8 : COPY requirements.txt .
 ---> 21fb032404b2
Step 5/8 : RUN pip install --no-cache-dir -r requirements.txt
 ---> Running in 8e8eb5cd4480
Collecting tzdata==2025.2 (from -r requirements.txt (line 1))
  Downloading tzdata-2025.2-py2.py3-none-any.whl.metadata (1.4 kB)
Downloading tzdata-2025.2-py2.py3-none-any.whl (347 kB)
Installing collected packages: tzdata
Successfully installed tzdata-2025.2
[91mWARNING: Running pip as the 'root' user can result in broken permissions and conflicting behaviour with the system package manager, possibly rendering your system unusable. It is recommended to use a virtual environment instead: https://pip.pypa.io/warnings/venv. Use the --root-user-action option if you know what you are doing and want to suppress this warning.
[0m[91m
[notice] A new release of pip is available: 25.0.1 -> 26.2.1
[notice] To update, run: pip install --upgrade pip
[0m ---> Removed intermediate container 8e8eb5cd4480
 ---> de8347f7fd3c
Step 6/8 : COPY app ./app
 ---> 36fced9a4744
Step 7/8 : EXPOSE 8080
 ---> Running in 17f7c3ac4494
 ---> Removed intermediate container 17f7c3ac4494
 ---> 4e22363b6f3a
Step 8/8 : CMD ["python", "-m", "app"]
 ---> Running in ba2eeb291858
 ---> Removed intermediate container ba2eeb291858
 ---> b4564b57d3dd
Successfully built b4564b57d3dd
Successfully tagged tablekeeper-stage-4:latest
