== revision eb1de488e1d191439f3607f1589d17e4fd0b1d5d  2026-10-02T20:48:39Z
== [A1] clean clone and build without cache
eb1de488e1d191439f3607f1589d17e4fd0b1d5d
total 28
drwxrwxr-x 4 ubuntu docker 4096 Oct  2 20:48 .
drwxrwxr-x 6 ubuntu docker 4096 Oct  2 20:48 ..
-rw-rw-r-- 1 ubuntu docker   24 Oct  2 20:48 .dockerignore
-rw-rw-r-- 1 ubuntu docker  199 Oct  2 20:48 Dockerfile
-rw-rw-r-- 1 ubuntu docker 2743 Oct  2 20:48 RUN.md
drwxrwxr-x 2 ubuntu docker 4096 Oct  2 20:48 app
drwxrwxr-x 2 ubuntu docker 4096 Oct  2 20:48 tests
DEPRECATED: The legacy builder is deprecated and will be removed in a future release.
            Install the buildx component to build images with BuildKit:
            https://docs.docker.com/go/buildx/

sha256:8cc601f70a8b6e06dd2acb0ceb16ceac7e363407c2aeed3b7a45415cc1bde617
build seconds: 7
== [A3 A5 A6 B1] container A: PORT=9321 with port mapping, 2 CPU / 2g
A healthy after .336051252 s
== [B1] container B: no PORT variable -> default 8080
B healthy after .338911627 s
== [B1] 0.0.0.0: reachable on the container's own address, not only loopback
A via 172.17.0.2:9321 -> 200
== full check list against A (port-mapped, limits), B as second container
PASS  B2       GET /health -> 200 {"status":"ok"}  [1 req, 0.0s]
PASS  B3       POST /_test/reset -> 204, empty body, no authentication  [1 req, 0.0s]
PASS  B4       reset drops users, tokens, restaurants, reservations and idempotency records  [21 req, 0.9s]
PASS  B5       same fixture twice and alternating fixtures; nothing duplicated  [17 req, 0.7s]
PASS  B6a      65-character fixture ids (user, restaurant, table, reservation) -> 422 validation_failed; previous state kept  [15 req, 0.6s]
PASS  B6b      reset with unparseable body -> 400 malformed_request; state kept  [4 req, 0.2s]
PASS  B6c      seeded reference of wrong length/alphabet, or duplicated -> 422 validation_failed  [15 req, 0.6s]
PASS  B11      64-character fixture ids accepted and usable; service ids are strings <= 64  [7 req, 0.3s]
PASS  B9r      unknown fields in the reset fixture are ignored  [3 req, 0.1s]
PASS  C2       restaurant returned with fixture values  [3 req, 0.1s]
PASS  C5       seeded login; user_id and display_name from fixture  [3 req, 0.1s]
PASS  C6       seeded booking is confirmed, owned, occupies its table, and behaves like an API-made one  [11 req, 0.5s]
PASS  C7       create, seed and PATCH-target in the past succeed  [7 req, 0.3s]
PASS  C8       cancel and PATCH of a past booking -> 409 cutoff_passed  [11 req, 0.5s]
PASS  B10      extra query parameters on GET endpoints  [8 req, 0.3s]
PASS  A7r      reset with an ordinary-size fixture (30 users, 4 restaurants x 12 tables, 120 bookings) < 10 s  [3 req, 0.4s]
PASS  E1       201 {user_id, display_name, token}; token usable at once  [4 req, 0.2s]
PASS  E2       200 {user_id, display_name, token} for a signed-up account  [4 req, 0.2s]
PASS  E3       duplicate of a signed-up and of a seeded email  [6 req, 0.3s]
PASS  E4       7 characters rejected, 8 accepted, empty rejected  [6 req, 0.3s]
PASS  E5       no @, empty local part, empty domain, empty string  [7 req, 0.3s]
PASS  E6       signup/login: missing field -> 422; wrong JSON type -> 400; unparseable -> 400  [19 req, 0.8s]
PASS  E7       both cases  [4 req, 0.2s]
PASS  E8       public endpoints answer without a token  [6 req, 0.2s]
PASS  E9       each protected endpoint x {missing, wrong scheme, no token after Bearer, unknown token} -> 401 unauthenticated  [40 req, 1.7s]
PASS  E10      several tokens valid together  [14 req, 0.6s]
PASS  E11      no plaintext password in the export document (code read covers the hash function)  [4 req, 0.2s]
PASS  B9a      signup and login with extra fields  [3 req, 0.2s]
PASS  D6       unknown resources -> 404 not_found; unknown routes and methods answer 4xx with the envelope  [13 req, 0.5s]
PASS  D3       POST /reservations and /reservation-moves without / with empty key  [7 req, 0.3s]
PASS  D12      1 and 255 accepted, 256 -> 422, on both keyed paths  [11 req, 0.5s]
PASS  F1F2     replay returns the original and changes nothing  [9 req, 0.4s]
PASS  F3       reordered / re-spaced body is a replay  [5 req, 0.2s]
PASS  F4       different valid body, invalid bodies, wrong types, unknown ids, extra unknown field  [21 req, 0.9s]
PASS  F5       two users, one key string  [10 req, 0.5s]
PASS  F6       one key and one body on POST /reservations then POST /reservation-moves  [7 req, 0.3s]
PASS  F7       after 422, 404 and 409 failures; same and different body  [15 req, 0.6s]
PASS  F8       replay after PATCH and after cancel  [13 req, 0.6s]
PASS  F10      unparseable body with a used key is 400, unauthenticated is 401, otherwise 409  [6 req, 0.2s]
PASS  F11      reservation count after a mix of failures and replays  [18 req, 0.8s]
PASS  G1       list of {id, name, timezone}; public  [2 req, 0.1s]
PASS  G2       known restaurant has all configuration fields; unknown -> 404 not_found  [3 req, 0.1s]
PASS  G3       each parameter missing, and all missing  [5 req, 0.2s]
PASS  G4       date not a real YYYY-MM-DD -> 422  [10 req, 0.4s]
PASS  D11      party_size query values  [17 req, 0.7s]
PASS  G5       availability for an unknown restaurant -> 404 not_found  [2 req, 0.1s]
PASS  G6G7     response shape, slot grid and both ends of the window  [6 req, 0.2s]
PASS  G8       capacity boundary, fixture order, only this restaurant's tables  [7 req, 0.3s]
PASS  G9       party larger than every table; all tables booked  [6 req, 0.2s]
PASS  G10      weekday without opening hours  [5 req, 0.2s]
PASS  G11      a 90-minute booking hides its table from every overlapping slot and not from adjacent ones  [5 req, 0.2s]
PASS  G12      cancelled reservations do not occupy  [8 req, 0.4s]
PASS  E8b      NOTE-level: a stale/garbage Authorization header on public endpoints is not an error  [5 req, 0.2s]
PASS  H1H2     response fields, types, offsets, ends_at = starts_at + duration, created_at now  [4 req, 0.2s]
PASS  H3       280 creations next to 40 seeded references: format and uniqueness of references and ids  [283 req, 11.8s]
PASS  H4       every overlapping start refused; adjacent starts and other tables accepted  [21 req, 0.9s]
PASS  H5       off-grid starts inside opening hours  [9 req, 0.4s]
PASS  H6       before opens, at/after closes, ending after closes, closed weekday; last allowed start accepted  [14 req, 0.6s]
PASS  H7       capacity + 1 refused, capacity accepted, 1 accepted  [7 req, 0.3s]
PASS  H8       0, negative, fraction, string, boolean, null, array, object  [15 req, 0.6s]
PASS  H10      three cases  [7 req, 0.3s]
PASS  H11      each of the four create fields missing; empty object  [8 req, 0.3s]
PASS  D2       create/PATCH: unparseable, non-object, wrong-typed string fields  [34 req, 1.4s]
PASS  D10      offset, Z, seconds, space separator, impossible dates and times - create and PATCH  [38 req, 1.6s]
PASS  B9b      create and PATCH with extra fields; they cannot set protected values  [6 req, 0.3s]
PASS  I1       empty list, ownership, ordering by instant across zones, cancelled included, entry shape  [16 req, 0.7s]
PASS  I2       own -> 200 same body as create; other user's and unknown -> 404 not_found  [9 req, 0.4s]
PASS  I3I4     cancel, table free and bookable, second cancel 200  [11 req, 0.5s]
PASS  I5       both sides of the cutoff, about one minute from the boundary; state unchanged on refusal  [17 req, 0.6s]
PASS  I4b      cancel repeated five more times: 200 with the same state each time  [10 req, 0.4s]
PASS  I6       other user's and unknown reference; booking stays confirmed  [7 req, 0.3s]
PASS  I7       each single field, pairs, all three; identity and created_at kept; times recomputed  [9 req, 0.4s]
PASS  I8       every create error code through PATCH, judged on merged values; booking unchanged after each  [37 req, 1.6s]
PASS  I9       past booking cannot be moved to the future; future booking can be moved into the past, after which it is locked  [10 req, 0.4s]
PASS  I10      any PATCH of a cancelled booking  [9 req, 0.4s]
PASS  I11      PATCH of another user's or unknown booking -> 404; target unchanged  [7 req, 0.3s]
PASS  I12      old slot free, new slot taken; moving onto an interval overlapping its own old one succeeds  [11 req, 0.5s]
PASS  I16      PATCH {} and unknown-only fields -> 200, nothing changed  [7 req, 0.3s]
PASS  J1       standard and summer offsets for Berlin, New York and two further IANA zones  [20 req, 0.5s]
PASS  J2a      availability skips 02:00-02:59, offsets switch, gap bookings refused via create and PATCH, neighbours fine  [17 req, 0.7s]
PASS  J2b      availability skips 02:00-02:59, offsets -05:00 -> -04:00, gap booking refused  [8 req, 0.3s]
PASS  J3a      repeated hour listed once with +02:00; 03:00 has +01:00; bookings in the repeated hour take the first occurrence  [7 req, 0.3s]
PASS  J4       Berlin 2026-10-25 01:30 + 90 min  [4 req, 0.2s]
PASS  J3b      01:00/01:30 listed once with -04:00; 02:00 has -05:00; absolute duration  [5 req, 0.2s]
PASS  J5a      occupancy across the repeated hour uses instants: no false overlap, no false clearance  [8 req, 0.3s]
PASS  J5b      a 90-minute booking at 01:30 before the gap occupies until 04:00 local  [8 req, 0.3s]
PASS  L12      swap two tables; rotation of three; order and shape of the response  [18 req, 0.7s]
PASS  L1       401 without token; 400 without key; body must be a JSON object  [23 req, 1.0s]
PASS  L2       0 and 9 items refused, 1 and 8 accepted; non-array, missing, non-object item, bad reference, duplicates  [60 req, 2.4s]
PASS  L3       unknown, other owner's, and mixed with valid items; nothing moves  [18 req, 0.8s]
PASS  L4       two restaurants in one batch  [16 req, 0.7s]
PASS  L5       party only, table only, time only, all three, unknown fields; times recomputed  [15 req, 0.6s]
PASS  L6       a cancelled booking anywhere in the batch  [21 req, 0.9s]
PASS  L7L8     cutoff; amendment codes; first failing item decides; cutoff before that booking's other errors; non-occupancy before occupancy  [141 req, 5.9s]
PASS  L9L10    unlisted booking, two items onto one table, unchanged listed item; nothing moves  [54 req, 2.2s]
PASS  L11      failed batch leaves records and occupancy alone and does not consume its key  [23 req, 1.0s]
PASS  L13      replay, replay after PATCH and cancel, different body 409 (also invalid), per-user scope  [37 req, 1.6s]
PASS  L14      no-op batch returns current values; moved bookings keep id, reference, created_at and owner  [20 req, 0.8s]
PASS  K1       export document shape; unauthenticated; read-only  [37 req, 1.5s]
PASS  K2K4K9   export from container A, import into container B: tokens, logins, restaurants, availability and every reservation identical  [103 req, 4.3s]
PASS  K8       writes after export, then import of the earlier export restores the earlier state on the same container; reset afterwards clears it  [68 req, 2.8s]
PASS  K7       each invalid import leaves tokens, restaurants, reservations and keys as they were  [244 req, 10.1s]
PASS  H12a     50 clients race for one table and slot: exactly one 201, 49 x 409 table_unavailable  [62 req, 1.2s]
PASS  H12b     50 clients race for mutually overlapping slots on one table: exactly one wins  [61 req, 1.2s]
PASS  H12c     50 clients over five start times of one table: successes never overlap; 50 distinct tables all succeed with distinct references  [116 req, 1.9s]
PASS  F9       50 identical POST /reservations with one key  [53 req, 0.8s]
PASS  E12      50 concurrent signups with one email: one 201, 49 x 409  [52 req, 1.4s]
PASS  A7a      50 concurrent logins, 50 concurrent distinct signups, 50 concurrent availability reads, each under 5 s  [156 req, 3.4s]
PASS  I15a     50 bookings PATCH onto one free table at once: exactly one 200, 49 x 409  [62 req, 1.1s]
PASS  I15b     one cancel racing 49 creates for the same table and slot: never two confirmed  [62 req, 1.2s]
PASS  L16a     50 identical batches with one key: one 201, 49 x 200 with the same body  [54 req, 0.8s]
PASS  L16b     50 conflicting batches onto one free table: one 201; then 25 batches against 25 creates: one success in total  [116 req, 1.7s]
PASS  A7b      50 mixed requests at once (reads, creates, PATCH, cancel, moves, login, export): no 5xx, each under its limit, invariant holds  [61 req, 1.2s]
PASS  A8a      every field of every JSON endpoint replaced by junk values of each JSON type  [399 req, 17.0s]
PASS  A8b      raw bodies, odd headers, odd paths, methods and query strings  [426 req, 17.5s]
PASS  A8c      fixtures with wrong types or impossible values: no 5xx at reset or on the requests that follow  [1614 req, 64.7s]
PASS  G-5XX    no 5xx (or transport failure) in the whole run  [0 offending of 5338]
PASS  G-ENVELOPE error envelope {error:{code,message}} on every 4xx/5xx  [0 offending of 5338]
PASS  G-CTYPE  content type of every response that has a body  [0 offending of 5338]
PASS  G-204    no 204 response carries a body  [0 offending of 5338]
PASS  G-TIME   every request within its limit  [0 offending of 5338]

CHECKS 121 passed, 0 failed, of 121; 5338 requests in 201s; slowest 1.29s; status tally {200: 2528, 201: 565, 204: 143, 400: 550, 401: 99, 404: 357, 405: 45, 409: 630, 422: 421}
exit: 0
tkver-a mem 239.7MiB / 2GiB cpu 0.01%
tkver-b mem 30.95MiB / 2GiB cpu 0.01%
/tkver-a running=true oom=false restarts=0
/tkver-b running=true oom=false restarts=0
== [A3 A4] container C on an internal network (no outbound route), limits; full check list again
C healthy after .122491731 s
D healthy after .228700881 s
PASS  B2       GET /health -> 200 {"status":"ok"}  [1 req, 0.0s]
PASS  B3       POST /_test/reset -> 204, empty body, no authentication  [1 req, 0.0s]
PASS  B4       reset drops users, tokens, restaurants, reservations and idempotency records  [21 req, 0.9s]
PASS  B5       same fixture twice and alternating fixtures; nothing duplicated  [17 req, 0.7s]
PASS  B6a      65-character fixture ids (user, restaurant, table, reservation) -> 422 validation_failed; previous state kept  [15 req, 0.6s]
PASS  B6b      reset with unparseable body -> 400 malformed_request; state kept  [4 req, 0.2s]
PASS  B6c      seeded reference of wrong length/alphabet, or duplicated -> 422 validation_failed  [15 req, 0.6s]
PASS  B11      64-character fixture ids accepted and usable; service ids are strings <= 64  [7 req, 0.3s]
PASS  B9r      unknown fields in the reset fixture are ignored  [3 req, 0.1s]
PASS  C2       restaurant returned with fixture values  [3 req, 0.1s]
PASS  C5       seeded login; user_id and display_name from fixture  [3 req, 0.1s]
PASS  C6       seeded booking is confirmed, owned, occupies its table, and behaves like an API-made one  [11 req, 0.5s]
PASS  C7       create, seed and PATCH-target in the past succeed  [7 req, 0.3s]
PASS  C8       cancel and PATCH of a past booking -> 409 cutoff_passed  [11 req, 0.5s]
PASS  B10      extra query parameters on GET endpoints  [8 req, 0.3s]
PASS  A7r      reset with an ordinary-size fixture (30 users, 4 restaurants x 12 tables, 120 bookings) < 10 s  [3 req, 0.5s]
PASS  E1       201 {user_id, display_name, token}; token usable at once  [4 req, 0.2s]
PASS  E2       200 {user_id, display_name, token} for a signed-up account  [4 req, 0.2s]
PASS  E3       duplicate of a signed-up and of a seeded email  [6 req, 0.3s]
PASS  E4       7 characters rejected, 8 accepted, empty rejected  [6 req, 0.3s]
PASS  E5       no @, empty local part, empty domain, empty string  [7 req, 0.3s]
PASS  E6       signup/login: missing field -> 422; wrong JSON type -> 400; unparseable -> 400  [19 req, 0.8s]
PASS  E7       both cases  [4 req, 0.2s]
PASS  E8       public endpoints answer without a token  [6 req, 0.2s]
PASS  E9       each protected endpoint x {missing, wrong scheme, no token after Bearer, unknown token} -> 401 unauthenticated  [40 req, 1.6s]
PASS  E10      several tokens valid together  [14 req, 0.6s]
PASS  E11      no plaintext password in the export document (code read covers the hash function)  [4 req, 0.1s]
PASS  B9a      signup and login with extra fields  [3 req, 0.2s]
PASS  D6       unknown resources -> 404 not_found; unknown routes and methods answer 4xx with the envelope  [13 req, 0.5s]
PASS  D3       POST /reservations and /reservation-moves without / with empty key  [7 req, 0.3s]
PASS  D12      1 and 255 accepted, 256 -> 422, on both keyed paths  [11 req, 0.5s]
PASS  F1F2     replay returns the original and changes nothing  [9 req, 0.4s]
PASS  F3       reordered / re-spaced body is a replay  [5 req, 0.2s]
PASS  F4       different valid body, invalid bodies, wrong types, unknown ids, extra unknown field  [21 req, 0.9s]
PASS  F5       two users, one key string  [10 req, 0.5s]
PASS  F6       one key and one body on POST /reservations then POST /reservation-moves  [7 req, 0.3s]
PASS  F7       after 422, 404 and 409 failures; same and different body  [15 req, 0.6s]
PASS  F8       replay after PATCH and after cancel  [13 req, 0.6s]
PASS  F10      unparseable body with a used key is 400, unauthenticated is 401, otherwise 409  [6 req, 0.3s]
PASS  F11      reservation count after a mix of failures and replays  [18 req, 0.7s]
PASS  G1       list of {id, name, timezone}; public  [2 req, 0.1s]
PASS  G2       known restaurant has all configuration fields; unknown -> 404 not_found  [3 req, 0.1s]
PASS  G3       each parameter missing, and all missing  [5 req, 0.2s]
PASS  G4       date not a real YYYY-MM-DD -> 422  [10 req, 0.4s]
PASS  D11      party_size query values  [17 req, 0.7s]
PASS  G5       availability for an unknown restaurant -> 404 not_found  [2 req, 0.1s]
PASS  G6G7     response shape, slot grid and both ends of the window  [6 req, 0.2s]
PASS  G8       capacity boundary, fixture order, only this restaurant's tables  [7 req, 0.3s]
PASS  G9       party larger than every table; all tables booked  [6 req, 0.2s]
PASS  G10      weekday without opening hours  [5 req, 0.2s]
PASS  G11      a 90-minute booking hides its table from every overlapping slot and not from adjacent ones  [5 req, 0.2s]
PASS  G12      cancelled reservations do not occupy  [8 req, 0.4s]
PASS  E8b      NOTE-level: a stale/garbage Authorization header on public endpoints is not an error  [5 req, 0.2s]
PASS  H1H2     response fields, types, offsets, ends_at = starts_at + duration, created_at now  [4 req, 0.2s]
PASS  H3       280 creations next to 40 seeded references: format and uniqueness of references and ids  [283 req, 11.7s]
PASS  H4       every overlapping start refused; adjacent starts and other tables accepted  [21 req, 0.9s]
PASS  H5       off-grid starts inside opening hours  [9 req, 0.4s]
PASS  H6       before opens, at/after closes, ending after closes, closed weekday; last allowed start accepted  [14 req, 0.6s]
PASS  H7       capacity + 1 refused, capacity accepted, 1 accepted  [7 req, 0.3s]
PASS  H8       0, negative, fraction, string, boolean, null, array, object  [15 req, 0.6s]
PASS  H10      three cases  [7 req, 0.3s]
PASS  H11      each of the four create fields missing; empty object  [8 req, 0.3s]
PASS  D2       create/PATCH: unparseable, non-object, wrong-typed string fields  [34 req, 1.4s]
PASS  D10      offset, Z, seconds, space separator, impossible dates and times - create and PATCH  [38 req, 1.6s]
PASS  B9b      create and PATCH with extra fields; they cannot set protected values  [6 req, 0.3s]
PASS  I1       empty list, ownership, ordering by instant across zones, cancelled included, entry shape  [16 req, 0.7s]
PASS  I2       own -> 200 same body as create; other user's and unknown -> 404 not_found  [9 req, 0.4s]
PASS  I3I4     cancel, table free and bookable, second cancel 200  [11 req, 0.5s]
PASS  I5       both sides of the cutoff, about one minute from the boundary; state unchanged on refusal  [17 req, 0.6s]
PASS  I4b      cancel repeated five more times: 200 with the same state each time  [10 req, 0.4s]
PASS  I6       other user's and unknown reference; booking stays confirmed  [7 req, 0.3s]
PASS  I7       each single field, pairs, all three; identity and created_at kept; times recomputed  [9 req, 0.4s]
PASS  I8       every create error code through PATCH, judged on merged values; booking unchanged after each  [37 req, 1.5s]
PASS  I9       past booking cannot be moved to the future; future booking can be moved into the past, after which it is locked  [10 req, 0.4s]
PASS  I10      any PATCH of a cancelled booking  [9 req, 0.4s]
PASS  I11      PATCH of another user's or unknown booking -> 404; target unchanged  [7 req, 0.3s]
PASS  I12      old slot free, new slot taken; moving onto an interval overlapping its own old one succeeds  [11 req, 0.5s]
PASS  I16      PATCH {} and unknown-only fields -> 200, nothing changed  [7 req, 0.3s]
PASS  J1       standard and summer offsets for Berlin, New York and two further IANA zones  [20 req, 0.5s]
PASS  J2a      availability skips 02:00-02:59, offsets switch, gap bookings refused via create and PATCH, neighbours fine  [17 req, 0.7s]
PASS  J2b      availability skips 02:00-02:59, offsets -05:00 -> -04:00, gap booking refused  [8 req, 0.3s]
PASS  J3a      repeated hour listed once with +02:00; 03:00 has +01:00; bookings in the repeated hour take the first occurrence  [7 req, 0.3s]
PASS  J4       Berlin 2026-10-25 01:30 + 90 min  [4 req, 0.2s]
PASS  J3b      01:00/01:30 listed once with -04:00; 02:00 has -05:00; absolute duration  [5 req, 0.2s]
PASS  J5a      occupancy across the repeated hour uses instants: no false overlap, no false clearance  [8 req, 0.3s]
PASS  J5b      a 90-minute booking at 01:30 before the gap occupies until 04:00 local  [8 req, 0.3s]
PASS  L12      swap two tables; rotation of three; order and shape of the response  [18 req, 0.7s]
PASS  L1       401 without token; 400 without key; body must be a JSON object  [23 req, 1.0s]
PASS  L2       0 and 9 items refused, 1 and 8 accepted; non-array, missing, non-object item, bad reference, duplicates  [60 req, 2.4s]
PASS  L3       unknown, other owner's, and mixed with valid items; nothing moves  [18 req, 0.8s]
PASS  L4       two restaurants in one batch  [16 req, 0.7s]
PASS  L5       party only, table only, time only, all three, unknown fields; times recomputed  [15 req, 0.6s]
PASS  L6       a cancelled booking anywhere in the batch  [21 req, 0.9s]
PASS  L7L8     cutoff; amendment codes; first failing item decides; cutoff before that booking's other errors; non-occupancy before occupancy  [141 req, 5.9s]
PASS  L9L10    unlisted booking, two items onto one table, unchanged listed item; nothing moves  [54 req, 2.2s]
PASS  L11      failed batch leaves records and occupancy alone and does not consume its key  [23 req, 1.0s]
PASS  L13      replay, replay after PATCH and cancel, different body 409 (also invalid), per-user scope  [37 req, 1.6s]
PASS  L14      no-op batch returns current values; moved bookings keep id, reference, created_at and owner  [20 req, 0.8s]
PASS  K1       export document shape; unauthenticated; read-only  [37 req, 1.5s]
PASS  K2K4K9   export from container A, import into container B: tokens, logins, restaurants, availability and every reservation identical  [103 req, 4.3s]
PASS  K8       writes after export, then import of the earlier export restores the earlier state on the same container; reset afterwards clears it  [68 req, 2.8s]
PASS  K7       each invalid import leaves tokens, restaurants, reservations and keys as they were  [244 req, 10.1s]
PASS  H12a     50 clients race for one table and slot: exactly one 201, 49 x 409 table_unavailable  [62 req, 1.2s]
PASS  H12b     50 clients race for mutually overlapping slots on one table: exactly one wins  [61 req, 1.3s]
PASS  H12c     50 clients over five start times of one table: successes never overlap; 50 distinct tables all succeed with distinct references  [116 req, 2.0s]
PASS  F9       50 identical POST /reservations with one key  [53 req, 0.8s]
PASS  E12      50 concurrent signups with one email: one 201, 49 x 409  [52 req, 1.5s]
PASS  A7a      50 concurrent logins, 50 concurrent distinct signups, 50 concurrent availability reads, each under 5 s  [156 req, 3.6s]
PASS  I15a     50 bookings PATCH onto one free table at once: exactly one 200, 49 x 409  [62 req, 1.0s]
PASS  I15b     one cancel racing 49 creates for the same table and slot: never two confirmed  [62 req, 1.3s]
PASS  L16a     50 identical batches with one key: one 201, 49 x 200 with the same body  [54 req, 0.8s]
PASS  L16b     50 conflicting batches onto one free table: one 201; then 25 batches against 25 creates: one success in total  [116 req, 1.7s]
PASS  A7b      50 mixed requests at once (reads, creates, PATCH, cancel, moves, login, export): no 5xx, each under its limit, invariant holds  [61 req, 1.2s]
PASS  A8a      every field of every JSON endpoint replaced by junk values of each JSON type  [399 req, 17.1s]
PASS  A8b      raw bodies, odd headers, odd paths, methods and query strings  [426 req, 17.5s]
PASS  A8c      fixtures with wrong types or impossible values: no 5xx at reset or on the requests that follow  [1614 req, 64.6s]
PASS  G-5XX    no 5xx (or transport failure) in the whole run  [0 offending of 5338]
PASS  G-ENVELOPE error envelope {error:{code,message}} on every 4xx/5xx  [0 offending of 5338]
PASS  G-CTYPE  content type of every response that has a body  [0 offending of 5338]
PASS  G-204    no 204 response carries a body  [0 offending of 5338]
PASS  G-TIME   every request within its limit  [0 offending of 5338]

CHECKS 121 passed, 0 failed, of 121; 5338 requests in 201s; slowest 1.34s; status tally {200: 2528, 201: 565, 204: 143, 400: 550, 401: 99, 404: 357, 405: 45, 409: 630, 422: 421}
exit: 0
tkver-c mem 216.1MiB / 2GiB cpu 0.01%
tkver-d mem 30.96MiB / 2GiB cpu 0.01%
/tkver-c running=true oom=false restarts=0
/tkver-d running=true oom=false restarts=0
== done 2026-10-02T20:55:36Z; containers left: 0
